[2026-04-10 21:33:02] production.ERROR: Class "Barryvdh\Debugbar\ServiceProvider" not found {"exception":"[object] (Error(code: 0): Class \"Barryvdh\\Debugbar\\ServiceProvider\" not found at /home/jibaymcs/Programming/Programming/Nuwa/vendor/laravel/framework/src/Illuminate/Foundation/ProviderRepository.php:205)
[stacktrace]
#0 /home/jibaymcs/Programming/Programming/Nuwa/vendor/laravel/framework/src/Illuminate/Foundation/ProviderRepository.php(141): Illuminate\\Foundation\\ProviderRepository->createProvider()
#1 /home/jibaymcs/Programming/Programming/Nuwa/vendor/laravel/framework/src/Illuminate/Foundation/ProviderRepository.php(60): Illuminate\\Foundation\\ProviderRepository->compileManifest()
#2 /home/jibaymcs/Programming/Programming/Nuwa/vendor/laravel/framework/src/Illuminate/Foundation/Application.php(871): Illuminate\\Foundation\\ProviderRepository->load()
#3 /home/jibaymcs/Programming/Programming/Nuwa/vendor/laravel/framework/src/Illuminate/Foundation/Bootstrap/RegisterProviders.php(37): Illuminate\\Foundation\\Application->registerConfiguredProviders()
#4 /home/jibaymcs/Programming/Programming/Nuwa/vendor/laravel/framework/src/Illuminate/Foundation/Application.php(342): Illuminate\\Foundation\\Bootstrap\\RegisterProviders->bootstrap()
#5 /home/jibaymcs/Programming/Programming/Nuwa/vendor/laravel/framework/src/Illuminate/Foundation/Console/Kernel.php(494): Illuminate\\Foundation\\Application->bootstrapWith()
#6 /home/jibaymcs/Programming/Programming/Nuwa/vendor/laravel/framework/src/Illuminate/Foundation/Console/Kernel.php(196): Illuminate\\Foundation\\Console\\Kernel->bootstrap()
#7 /home/jibaymcs/Programming/Programming/Nuwa/vendor/laravel/framework/src/Illuminate/Foundation/Application.php(1235): Illuminate\\Foundation\\Console\\Kernel->handle()
#8 /home/jibaymcs/Programming/Programming/Nuwa/artisan(13): Illuminate\\Foundation\\Application->handleCommand()
#9 {main}
"} 
[2026-04-10 21:33:45] production.ERROR: Class "Barryvdh\Debugbar\ServiceProvider" not found {"exception":"[object] (Error(code: 0): Class \"Barryvdh\\Debugbar\\ServiceProvider\" not found at /home/jibaymcs/Programming/Programming/Nuwa/vendor/laravel/framework/src/Illuminate/Foundation/ProviderRepository.php:205)
[stacktrace]
#0 /home/jibaymcs/Programming/Programming/Nuwa/vendor/laravel/framework/src/Illuminate/Foundation/ProviderRepository.php(141): Illuminate\\Foundation\\ProviderRepository->createProvider()
#1 /home/jibaymcs/Programming/Programming/Nuwa/vendor/laravel/framework/src/Illuminate/Foundation/ProviderRepository.php(60): Illuminate\\Foundation\\ProviderRepository->compileManifest()
#2 /home/jibaymcs/Programming/Programming/Nuwa/vendor/laravel/framework/src/Illuminate/Foundation/Application.php(871): Illuminate\\Foundation\\ProviderRepository->load()
#3 /home/jibaymcs/Programming/Programming/Nuwa/vendor/laravel/framework/src/Illuminate/Foundation/Bootstrap/RegisterProviders.php(37): Illuminate\\Foundation\\Application->registerConfiguredProviders()
#4 /home/jibaymcs/Programming/Programming/Nuwa/vendor/laravel/framework/src/Illuminate/Foundation/Application.php(342): Illuminate\\Foundation\\Bootstrap\\RegisterProviders->bootstrap()
#5 /home/jibaymcs/Programming/Programming/Nuwa/vendor/laravel/framework/src/Illuminate/Foundation/Console/Kernel.php(494): Illuminate\\Foundation\\Application->bootstrapWith()
#6 /home/jibaymcs/Programming/Programming/Nuwa/vendor/laravel/framework/src/Illuminate/Foundation/Console/Kernel.php(196): Illuminate\\Foundation\\Console\\Kernel->bootstrap()
#7 /home/jibaymcs/Programming/Programming/Nuwa/vendor/laravel/framework/src/Illuminate/Foundation/Application.php(1235): Illuminate\\Foundation\\Console\\Kernel->handle()
#8 /home/jibaymcs/Programming/Programming/Nuwa/artisan(13): Illuminate\\Foundation\\Application->handleCommand()
#9 {main}
"} 
[2026-04-10 21:33:58] production.ERROR: Class "Barryvdh\Debugbar\ServiceProvider" not found {"exception":"[object] (Error(code: 0): Class \"Barryvdh\\Debugbar\\ServiceProvider\" not found at /home/jibaymcs/Programming/Programming/Nuwa/vendor/laravel/framework/src/Illuminate/Foundation/ProviderRepository.php:205)
[stacktrace]
#0 /home/jibaymcs/Programming/Programming/Nuwa/vendor/laravel/framework/src/Illuminate/Foundation/ProviderRepository.php(141): Illuminate\\Foundation\\ProviderRepository->createProvider()
#1 /home/jibaymcs/Programming/Programming/Nuwa/vendor/laravel/framework/src/Illuminate/Foundation/ProviderRepository.php(60): Illuminate\\Foundation\\ProviderRepository->compileManifest()
#2 /home/jibaymcs/Programming/Programming/Nuwa/vendor/laravel/framework/src/Illuminate/Foundation/Application.php(871): Illuminate\\Foundation\\ProviderRepository->load()
#3 /home/jibaymcs/Programming/Programming/Nuwa/vendor/laravel/framework/src/Illuminate/Foundation/Bootstrap/RegisterProviders.php(37): Illuminate\\Foundation\\Application->registerConfiguredProviders()
#4 /home/jibaymcs/Programming/Programming/Nuwa/vendor/laravel/framework/src/Illuminate/Foundation/Application.php(342): Illuminate\\Foundation\\Bootstrap\\RegisterProviders->bootstrap()
#5 /home/jibaymcs/Programming/Programming/Nuwa/vendor/laravel/framework/src/Illuminate/Foundation/Console/Kernel.php(494): Illuminate\\Foundation\\Application->bootstrapWith()
#6 /home/jibaymcs/Programming/Programming/Nuwa/vendor/laravel/framework/src/Illuminate/Foundation/Console/Kernel.php(196): Illuminate\\Foundation\\Console\\Kernel->bootstrap()
#7 /home/jibaymcs/Programming/Programming/Nuwa/vendor/laravel/framework/src/Illuminate/Foundation/Application.php(1235): Illuminate\\Foundation\\Console\\Kernel->handle()
#8 /home/jibaymcs/Programming/Programming/Nuwa/artisan(13): Illuminate\\Foundation\\Application->handleCommand()
#9 {main}
"} 
[2026-04-10 21:34:19] production.ERROR: The /home/jibaymcs/Programming/Programming/Nuwa/bootstrap/cache directory must be present and writable. {"exception":"[object] (Exception(code: 0): The /home/jibaymcs/Programming/Programming/Nuwa/bootstrap/cache directory must be present and writable. at /home/jibaymcs/Programming/Programming/Nuwa/vendor/laravel/framework/src/Illuminate/Foundation/PackageManifest.php:179)
[stacktrace]
#0 /home/jibaymcs/Programming/Programming/Nuwa/vendor/laravel/framework/src/Illuminate/Foundation/PackageManifest.php(132): Illuminate\\Foundation\\PackageManifest->write()
#1 /home/jibaymcs/Programming/Programming/Nuwa/vendor/laravel/framework/src/Illuminate/Foundation/PackageManifest.php(108): Illuminate\\Foundation\\PackageManifest->build()
#2 /home/jibaymcs/Programming/Programming/Nuwa/vendor/laravel/framework/src/Illuminate/Foundation/PackageManifest.php(90): Illuminate\\Foundation\\PackageManifest->getManifest()
#3 /home/jibaymcs/Programming/Programming/Nuwa/vendor/laravel/framework/src/Illuminate/Foundation/PackageManifest.php(79): Illuminate\\Foundation\\PackageManifest->config()
#4 /home/jibaymcs/Programming/Programming/Nuwa/vendor/laravel/framework/src/Illuminate/Foundation/Bootstrap/RegisterFacades.php(26): Illuminate\\Foundation\\PackageManifest->aliases()
#5 /home/jibaymcs/Programming/Programming/Nuwa/vendor/laravel/framework/src/Illuminate/Foundation/Application.php(342): Illuminate\\Foundation\\Bootstrap\\RegisterFacades->bootstrap()
#6 /home/jibaymcs/Programming/Programming/Nuwa/vendor/laravel/framework/src/Illuminate/Foundation/Console/Kernel.php(494): Illuminate\\Foundation\\Application->bootstrapWith()
#7 /home/jibaymcs/Programming/Programming/Nuwa/vendor/laravel/framework/src/Illuminate/Foundation/Console/Kernel.php(196): Illuminate\\Foundation\\Console\\Kernel->bootstrap()
#8 /home/jibaymcs/Programming/Programming/Nuwa/vendor/laravel/framework/src/Illuminate/Foundation/Application.php(1235): Illuminate\\Foundation\\Console\\Kernel->handle()
#9 /home/jibaymcs/Programming/Programming/Nuwa/artisan(13): Illuminate\\Foundation\\Application->handleCommand()
#10 {main}
"} 
[2026-04-10 21:34:34] production.ERROR: Please provide a valid cache path. {"exception":"[object] (InvalidArgumentException(code: 0): Please provide a valid cache path. at /home/jibaymcs/Programming/Programming/Nuwa/vendor/laravel/framework/src/Illuminate/View/Compilers/Compiler.php:75)
[stacktrace]
#0 /home/jibaymcs/Programming/Programming/Nuwa/vendor/laravel/framework/src/Illuminate/View/ViewServiceProvider.php(97): Illuminate\\View\\Compilers\\Compiler->__construct()
#1 /home/jibaymcs/Programming/Programming/Nuwa/vendor/laravel/framework/src/Illuminate/Container/Container.php(1115): Illuminate\\View\\ViewServiceProvider->Illuminate\\View\\{closure}()
#2 /home/jibaymcs/Programming/Programming/Nuwa/vendor/laravel/framework/src/Illuminate/Container/Container.php(933): Illuminate\\Container\\Container->build()
#3 /home/jibaymcs/Programming/Programming/Nuwa/vendor/laravel/framework/src/Illuminate/Foundation/Application.php(1078): Illuminate\\Container\\Container->resolve()
#4 /home/jibaymcs/Programming/Programming/Nuwa/vendor/laravel/framework/src/Illuminate/Container/Container.php(864): Illuminate\\Foundation\\Application->resolve()
#5 /home/jibaymcs/Programming/Programming/Nuwa/vendor/laravel/framework/src/Illuminate/Foundation/Application.php(1058): Illuminate\\Container\\Container->make()
#6 /home/jibaymcs/Programming/Programming/Nuwa/vendor/laravel/framework/src/Illuminate/Container/Container.php(1805): Illuminate\\Foundation\\Application->make()
#7 /home/jibaymcs/Programming/Programming/Nuwa/vendor/laravel/framework/src/Illuminate/Support/Facades/Facade.php(240): Illuminate\\Container\\Container->offsetGet()
#8 /home/jibaymcs/Programming/Programming/Nuwa/vendor/laravel/framework/src/Illuminate/Support/Facades/Facade.php(211): Illuminate\\Support\\Facades\\Facade::resolveFacadeInstance()
#9 /home/jibaymcs/Programming/Programming/Nuwa/vendor/laravel/framework/src/Illuminate/Support/Facades/Facade.php(357): Illuminate\\Support\\Facades\\Facade::getFacadeRoot()
#10 /home/jibaymcs/Programming/Programming/Nuwa/vendor/blade-ui-kit/blade-icons/src/BladeIconsServiceProvider.php(121): Illuminate\\Support\\Facades\\Facade::__callStatic()
#11 /home/jibaymcs/Programming/Programming/Nuwa/vendor/blade-ui-kit/blade-icons/src/BladeIconsServiceProvider.php(27): BladeUI\\Icons\\BladeIconsServiceProvider->bootDirectives()
#12 /home/jibaymcs/Programming/Programming/Nuwa/vendor/laravel/framework/src/Illuminate/Container/BoundMethod.php(36): BladeUI\\Icons\\BladeIconsServiceProvider->boot()
#13 /home/jibaymcs/Programming/Programming/Nuwa/vendor/laravel/framework/src/Illuminate/Container/Util.php(43): Illuminate\\Container\\BoundMethod::Illuminate\\Container\\{closure}()
#14 /home/jibaymcs/Programming/Programming/Nuwa/vendor/laravel/framework/src/Illuminate/Container/BoundMethod.php(96): Illuminate\\Container\\Util::unwrapIfClosure()
#15 /home/jibaymcs/Programming/Programming/Nuwa/vendor/laravel/framework/src/Illuminate/Container/BoundMethod.php(35): Illuminate\\Container\\BoundMethod::callBoundMethod()
#16 /home/jibaymcs/Programming/Programming/Nuwa/vendor/laravel/framework/src/Illuminate/Container/Container.php(799): Illuminate\\Container\\BoundMethod::call()
#17 /home/jibaymcs/Programming/Programming/Nuwa/vendor/laravel/framework/src/Illuminate/Foundation/Application.php(1151): Illuminate\\Container\\Container->call()
#18 /home/jibaymcs/Programming/Programming/Nuwa/vendor/laravel/framework/src/Illuminate/Foundation/Application.php(1132): Illuminate\\Foundation\\Application->bootProvider()
#19 [internal function]: Illuminate\\Foundation\\Application->Illuminate\\Foundation\\{closure}()
#20 /home/jibaymcs/Programming/Programming/Nuwa/vendor/laravel/framework/src/Illuminate/Foundation/Application.php(1131): array_walk()
#21 /home/jibaymcs/Programming/Programming/Nuwa/vendor/laravel/framework/src/Illuminate/Foundation/Bootstrap/BootProviders.php(17): Illuminate\\Foundation\\Application->boot()
#22 /home/jibaymcs/Programming/Programming/Nuwa/vendor/laravel/framework/src/Illuminate/Foundation/Application.php(342): Illuminate\\Foundation\\Bootstrap\\BootProviders->bootstrap()
#23 /home/jibaymcs/Programming/Programming/Nuwa/vendor/laravel/framework/src/Illuminate/Foundation/Console/Kernel.php(494): Illuminate\\Foundation\\Application->bootstrapWith()
#24 /home/jibaymcs/Programming/Programming/Nuwa/vendor/laravel/framework/src/Illuminate/Foundation/Console/Kernel.php(196): Illuminate\\Foundation\\Console\\Kernel->bootstrap()
#25 /home/jibaymcs/Programming/Programming/Nuwa/vendor/laravel/framework/src/Illuminate/Foundation/Application.php(1235): Illuminate\\Foundation\\Console\\Kernel->handle()
#26 /home/jibaymcs/Programming/Programming/Nuwa/artisan(13): Illuminate\\Foundation\\Application->handleCommand()
#27 {main}
"} 
[2026-04-10 21:35:09] production.ERROR: Please provide a valid cache path. {"exception":"[object] (InvalidArgumentException(code: 0): Please provide a valid cache path. at /home/jibaymcs/Programming/Programming/Nuwa/vendor/laravel/framework/src/Illuminate/View/Compilers/Compiler.php:75)
[stacktrace]
#0 /home/jibaymcs/Programming/Programming/Nuwa/vendor/laravel/framework/src/Illuminate/View/ViewServiceProvider.php(97): Illuminate\\View\\Compilers\\Compiler->__construct()
#1 /home/jibaymcs/Programming/Programming/Nuwa/vendor/laravel/framework/src/Illuminate/Container/Container.php(1115): Illuminate\\View\\ViewServiceProvider->Illuminate\\View\\{closure}()
#2 /home/jibaymcs/Programming/Programming/Nuwa/vendor/laravel/framework/src/Illuminate/Container/Container.php(933): Illuminate\\Container\\Container->build()
#3 /home/jibaymcs/Programming/Programming/Nuwa/vendor/laravel/framework/src/Illuminate/Foundation/Application.php(1078): Illuminate\\Container\\Container->resolve()
#4 /home/jibaymcs/Programming/Programming/Nuwa/vendor/laravel/framework/src/Illuminate/Container/Container.php(864): Illuminate\\Foundation\\Application->resolve()
#5 /home/jibaymcs/Programming/Programming/Nuwa/vendor/laravel/framework/src/Illuminate/Foundation/Application.php(1058): Illuminate\\Container\\Container->make()
#6 /home/jibaymcs/Programming/Programming/Nuwa/vendor/laravel/framework/src/Illuminate/Container/Container.php(1805): Illuminate\\Foundation\\Application->make()
#7 /home/jibaymcs/Programming/Programming/Nuwa/vendor/laravel/framework/src/Illuminate/Support/Facades/Facade.php(240): Illuminate\\Container\\Container->offsetGet()
#8 /home/jibaymcs/Programming/Programming/Nuwa/vendor/laravel/framework/src/Illuminate/Support/Facades/Facade.php(211): Illuminate\\Support\\Facades\\Facade::resolveFacadeInstance()
#9 /home/jibaymcs/Programming/Programming/Nuwa/vendor/laravel/framework/src/Illuminate/Support/Facades/Facade.php(357): Illuminate\\Support\\Facades\\Facade::getFacadeRoot()
#10 /home/jibaymcs/Programming/Programming/Nuwa/vendor/blade-ui-kit/blade-icons/src/BladeIconsServiceProvider.php(121): Illuminate\\Support\\Facades\\Facade::__callStatic()
#11 /home/jibaymcs/Programming/Programming/Nuwa/vendor/blade-ui-kit/blade-icons/src/BladeIconsServiceProvider.php(27): BladeUI\\Icons\\BladeIconsServiceProvider->bootDirectives()
#12 /home/jibaymcs/Programming/Programming/Nuwa/vendor/laravel/framework/src/Illuminate/Container/BoundMethod.php(36): BladeUI\\Icons\\BladeIconsServiceProvider->boot()
#13 /home/jibaymcs/Programming/Programming/Nuwa/vendor/laravel/framework/src/Illuminate/Container/Util.php(43): Illuminate\\Container\\BoundMethod::Illuminate\\Container\\{closure}()
#14 /home/jibaymcs/Programming/Programming/Nuwa/vendor/laravel/framework/src/Illuminate/Container/BoundMethod.php(96): Illuminate\\Container\\Util::unwrapIfClosure()
#15 /home/jibaymcs/Programming/Programming/Nuwa/vendor/laravel/framework/src/Illuminate/Container/BoundMethod.php(35): Illuminate\\Container\\BoundMethod::callBoundMethod()
#16 /home/jibaymcs/Programming/Programming/Nuwa/vendor/laravel/framework/src/Illuminate/Container/Container.php(799): Illuminate\\Container\\BoundMethod::call()
#17 /home/jibaymcs/Programming/Programming/Nuwa/vendor/laravel/framework/src/Illuminate/Foundation/Application.php(1151): Illuminate\\Container\\Container->call()
#18 /home/jibaymcs/Programming/Programming/Nuwa/vendor/laravel/framework/src/Illuminate/Foundation/Application.php(1132): Illuminate\\Foundation\\Application->bootProvider()
#19 [internal function]: Illuminate\\Foundation\\Application->Illuminate\\Foundation\\{closure}()
#20 /home/jibaymcs/Programming/Programming/Nuwa/vendor/laravel/framework/src/Illuminate/Foundation/Application.php(1131): array_walk()
#21 /home/jibaymcs/Programming/Programming/Nuwa/vendor/laravel/framework/src/Illuminate/Foundation/Bootstrap/BootProviders.php(17): Illuminate\\Foundation\\Application->boot()
#22 /home/jibaymcs/Programming/Programming/Nuwa/vendor/laravel/framework/src/Illuminate/Foundation/Application.php(342): Illuminate\\Foundation\\Bootstrap\\BootProviders->bootstrap()
#23 /home/jibaymcs/Programming/Programming/Nuwa/vendor/laravel/framework/src/Illuminate/Foundation/Console/Kernel.php(494): Illuminate\\Foundation\\Application->bootstrapWith()
#24 /home/jibaymcs/Programming/Programming/Nuwa/vendor/laravel/framework/src/Illuminate/Foundation/Console/Kernel.php(196): Illuminate\\Foundation\\Console\\Kernel->bootstrap()
#25 /home/jibaymcs/Programming/Programming/Nuwa/vendor/laravel/framework/src/Illuminate/Foundation/Application.php(1235): Illuminate\\Foundation\\Console\\Kernel->handle()
#26 /home/jibaymcs/Programming/Programming/Nuwa/artisan(13): Illuminate\\Foundation\\Application->handleCommand()
#27 {main}
"} 
[2026-04-10 21:35:27] production.ERROR: Class "Barryvdh\Debugbar\ServiceProvider" not found {"exception":"[object] (Error(code: 0): Class \"Barryvdh\\Debugbar\\ServiceProvider\" not found at /home/jibaymcs/Programming/Programming/Nuwa/vendor/laravel/framework/src/Illuminate/Foundation/ProviderRepository.php:205)
[stacktrace]
#0 /home/jibaymcs/Programming/Programming/Nuwa/vendor/laravel/framework/src/Illuminate/Foundation/ProviderRepository.php(141): Illuminate\\Foundation\\ProviderRepository->createProvider()
#1 /home/jibaymcs/Programming/Programming/Nuwa/vendor/laravel/framework/src/Illuminate/Foundation/ProviderRepository.php(60): Illuminate\\Foundation\\ProviderRepository->compileManifest()
#2 /home/jibaymcs/Programming/Programming/Nuwa/vendor/laravel/framework/src/Illuminate/Foundation/Application.php(871): Illuminate\\Foundation\\ProviderRepository->load()
#3 /home/jibaymcs/Programming/Programming/Nuwa/vendor/laravel/framework/src/Illuminate/Foundation/Bootstrap/RegisterProviders.php(37): Illuminate\\Foundation\\Application->registerConfiguredProviders()
#4 /home/jibaymcs/Programming/Programming/Nuwa/vendor/laravel/framework/src/Illuminate/Foundation/Application.php(342): Illuminate\\Foundation\\Bootstrap\\RegisterProviders->bootstrap()
#5 /home/jibaymcs/Programming/Programming/Nuwa/vendor/laravel/framework/src/Illuminate/Foundation/Console/Kernel.php(494): Illuminate\\Foundation\\Application->bootstrapWith()
#6 /home/jibaymcs/Programming/Programming/Nuwa/vendor/laravel/framework/src/Illuminate/Foundation/Console/Kernel.php(196): Illuminate\\Foundation\\Console\\Kernel->bootstrap()
#7 /home/jibaymcs/Programming/Programming/Nuwa/vendor/laravel/framework/src/Illuminate/Foundation/Application.php(1235): Illuminate\\Foundation\\Console\\Kernel->handle()
#8 /home/jibaymcs/Programming/Programming/Nuwa/artisan(13): Illuminate\\Foundation\\Application->handleCommand()
#9 {main}
"} 
[2026-04-10 21:36:37] production.ERROR: There are no commands defined in the "filament" namespace. {"exception":"[object] (Symfony\\Component\\Console\\Exception\\NamespaceNotFoundException(code: 0): There are no commands defined in the \"filament\" namespace. at /home/jibaymcs/Programming/Programming/Nuwa/vendor/symfony/console/Application.php:694)
[stacktrace]
#0 /home/jibaymcs/Programming/Programming/Nuwa/vendor/symfony/console/Application.php(743): Symfony\\Component\\Console\\Application->findNamespace()
#1 /home/jibaymcs/Programming/Programming/Nuwa/vendor/symfony/console/Application.php(298): Symfony\\Component\\Console\\Application->find()
#2 /home/jibaymcs/Programming/Programming/Nuwa/vendor/symfony/console/Application.php(195): Symfony\\Component\\Console\\Application->doRun()
#3 /home/jibaymcs/Programming/Programming/Nuwa/vendor/laravel/framework/src/Illuminate/Foundation/Console/Kernel.php(198): Symfony\\Component\\Console\\Application->run()
#4 /home/jibaymcs/Programming/Programming/Nuwa/vendor/laravel/framework/src/Illuminate/Foundation/Application.php(1235): Illuminate\\Foundation\\Console\\Kernel->handle()
#5 /home/jibaymcs/Programming/Programming/Nuwa/artisan(13): Illuminate\\Foundation\\Application->handleCommand()
#6 {main}
"} 
[2026-04-10 21:37:48] production.ERROR: Please provide a valid cache path. {"exception":"[object] (InvalidArgumentException(code: 0): Please provide a valid cache path. at /home/jibaymcs/Programming/Programming/Nuwa/vendor/laravel/framework/src/Illuminate/View/Compilers/Compiler.php:75)
[stacktrace]
#0 /home/jibaymcs/Programming/Programming/Nuwa/vendor/laravel/framework/src/Illuminate/View/ViewServiceProvider.php(97): Illuminate\\View\\Compilers\\Compiler->__construct()
#1 /home/jibaymcs/Programming/Programming/Nuwa/vendor/laravel/framework/src/Illuminate/Container/Container.php(1115): Illuminate\\View\\ViewServiceProvider->Illuminate\\View\\{closure}()
#2 /home/jibaymcs/Programming/Programming/Nuwa/vendor/laravel/framework/src/Illuminate/Container/Container.php(933): Illuminate\\Container\\Container->build()
#3 /home/jibaymcs/Programming/Programming/Nuwa/vendor/laravel/framework/src/Illuminate/Foundation/Application.php(1078): Illuminate\\Container\\Container->resolve()
#4 /home/jibaymcs/Programming/Programming/Nuwa/vendor/laravel/framework/src/Illuminate/Container/Container.php(864): Illuminate\\Foundation\\Application->resolve()
#5 /home/jibaymcs/Programming/Programming/Nuwa/vendor/laravel/framework/src/Illuminate/Foundation/Application.php(1058): Illuminate\\Container\\Container->make()
#6 /home/jibaymcs/Programming/Programming/Nuwa/vendor/laravel/framework/src/Illuminate/Container/Container.php(1805): Illuminate\\Foundation\\Application->make()
#7 /home/jibaymcs/Programming/Programming/Nuwa/vendor/laravel/framework/src/Illuminate/Support/Facades/Facade.php(240): Illuminate\\Container\\Container->offsetGet()
#8 /home/jibaymcs/Programming/Programming/Nuwa/vendor/laravel/framework/src/Illuminate/Support/Facades/Facade.php(211): Illuminate\\Support\\Facades\\Facade::resolveFacadeInstance()
#9 /home/jibaymcs/Programming/Programming/Nuwa/vendor/laravel/framework/src/Illuminate/Support/Facades/Facade.php(357): Illuminate\\Support\\Facades\\Facade::getFacadeRoot()
#10 /home/jibaymcs/Programming/Programming/Nuwa/vendor/filament/filament/src/FilamentServiceProvider.php(93): Illuminate\\Support\\Facades\\Facade::__callStatic()
#11 /home/jibaymcs/Programming/Programming/Nuwa/vendor/spatie/laravel-package-tools/src/PackageServiceProvider.php(91): Filament\\FilamentServiceProvider->packageBooted()
#12 /home/jibaymcs/Programming/Programming/Nuwa/vendor/laravel/framework/src/Illuminate/Container/BoundMethod.php(36): Spatie\\LaravelPackageTools\\PackageServiceProvider->boot()
#13 /home/jibaymcs/Programming/Programming/Nuwa/vendor/laravel/framework/src/Illuminate/Container/Util.php(43): Illuminate\\Container\\BoundMethod::Illuminate\\Container\\{closure}()
#14 /home/jibaymcs/Programming/Programming/Nuwa/vendor/laravel/framework/src/Illuminate/Container/BoundMethod.php(96): Illuminate\\Container\\Util::unwrapIfClosure()
#15 /home/jibaymcs/Programming/Programming/Nuwa/vendor/laravel/framework/src/Illuminate/Container/BoundMethod.php(35): Illuminate\\Container\\BoundMethod::callBoundMethod()
#16 /home/jibaymcs/Programming/Programming/Nuwa/vendor/laravel/framework/src/Illuminate/Container/Container.php(799): Illuminate\\Container\\BoundMethod::call()
#17 /home/jibaymcs/Programming/Programming/Nuwa/vendor/laravel/framework/src/Illuminate/Foundation/Application.php(1151): Illuminate\\Container\\Container->call()
#18 /home/jibaymcs/Programming/Programming/Nuwa/vendor/laravel/framework/src/Illuminate/Foundation/Application.php(1132): Illuminate\\Foundation\\Application->bootProvider()
#19 [internal function]: Illuminate\\Foundation\\Application->Illuminate\\Foundation\\{closure}()
#20 /home/jibaymcs/Programming/Programming/Nuwa/vendor/laravel/framework/src/Illuminate/Foundation/Application.php(1131): array_walk()
#21 /home/jibaymcs/Programming/Programming/Nuwa/vendor/laravel/framework/src/Illuminate/Foundation/Bootstrap/BootProviders.php(17): Illuminate\\Foundation\\Application->boot()
#22 /home/jibaymcs/Programming/Programming/Nuwa/vendor/laravel/framework/src/Illuminate/Foundation/Application.php(342): Illuminate\\Foundation\\Bootstrap\\BootProviders->bootstrap()
#23 /home/jibaymcs/Programming/Programming/Nuwa/vendor/laravel/framework/src/Illuminate/Foundation/Console/Kernel.php(494): Illuminate\\Foundation\\Application->bootstrapWith()
#24 /home/jibaymcs/Programming/Programming/Nuwa/vendor/laravel/framework/src/Illuminate/Foundation/Console/Kernel.php(196): Illuminate\\Foundation\\Console\\Kernel->bootstrap()
#25 /home/jibaymcs/Programming/Programming/Nuwa/vendor/laravel/framework/src/Illuminate/Foundation/Application.php(1235): Illuminate\\Foundation\\Console\\Kernel->handle()
#26 /home/jibaymcs/Programming/Programming/Nuwa/artisan(13): Illuminate\\Foundation\\Application->handleCommand()
#27 {main}
"} 
[2026-04-10 21:38:23] production.ERROR: The /home/jibaymcs/Programming/Programming/Nuwa/bootstrap/cache directory must be present and writable. {"exception":"[object] (Exception(code: 0): The /home/jibaymcs/Programming/Programming/Nuwa/bootstrap/cache directory must be present and writable. at /home/jibaymcs/Programming/Programming/Nuwa/vendor/laravel/framework/src/Illuminate/Foundation/PackageManifest.php:179)
[stacktrace]
#0 /home/jibaymcs/Programming/Programming/Nuwa/vendor/laravel/framework/src/Illuminate/Foundation/PackageManifest.php(132): Illuminate\\Foundation\\PackageManifest->write()
#1 /home/jibaymcs/Programming/Programming/Nuwa/vendor/laravel/framework/src/Illuminate/Foundation/PackageManifest.php(108): Illuminate\\Foundation\\PackageManifest->build()
#2 /home/jibaymcs/Programming/Programming/Nuwa/vendor/laravel/framework/src/Illuminate/Foundation/PackageManifest.php(90): Illuminate\\Foundation\\PackageManifest->getManifest()
#3 /home/jibaymcs/Programming/Programming/Nuwa/vendor/laravel/framework/src/Illuminate/Foundation/PackageManifest.php(79): Illuminate\\Foundation\\PackageManifest->config()
#4 /home/jibaymcs/Programming/Programming/Nuwa/vendor/laravel/framework/src/Illuminate/Foundation/Bootstrap/RegisterFacades.php(26): Illuminate\\Foundation\\PackageManifest->aliases()
#5 /home/jibaymcs/Programming/Programming/Nuwa/vendor/laravel/framework/src/Illuminate/Foundation/Application.php(342): Illuminate\\Foundation\\Bootstrap\\RegisterFacades->bootstrap()
#6 /home/jibaymcs/Programming/Programming/Nuwa/vendor/laravel/framework/src/Illuminate/Foundation/Console/Kernel.php(494): Illuminate\\Foundation\\Application->bootstrapWith()
#7 /home/jibaymcs/Programming/Programming/Nuwa/vendor/laravel/framework/src/Illuminate/Foundation/Console/Kernel.php(196): Illuminate\\Foundation\\Console\\Kernel->bootstrap()
#8 /home/jibaymcs/Programming/Programming/Nuwa/vendor/laravel/framework/src/Illuminate/Foundation/Application.php(1235): Illuminate\\Foundation\\Console\\Kernel->handle()
#9 /home/jibaymcs/Programming/Programming/Nuwa/artisan(13): Illuminate\\Foundation\\Application->handleCommand()
#10 {main}
"} 
[2026-04-10 21:39:55] production.ERROR: The /home/jibaymcs/Programming/Programming/Nuwa/bootstrap/cache directory must be present and writable. {"exception":"[object] (Exception(code: 0): The /home/jibaymcs/Programming/Programming/Nuwa/bootstrap/cache directory must be present and writable. at /home/jibaymcs/Programming/Programming/Nuwa/vendor/laravel/framework/src/Illuminate/Foundation/PackageManifest.php:179)
[stacktrace]
#0 /home/jibaymcs/Programming/Programming/Nuwa/vendor/laravel/framework/src/Illuminate/Foundation/PackageManifest.php(132): Illuminate\\Foundation\\PackageManifest->write()
#1 /home/jibaymcs/Programming/Programming/Nuwa/vendor/laravel/framework/src/Illuminate/Foundation/PackageManifest.php(108): Illuminate\\Foundation\\PackageManifest->build()
#2 /home/jibaymcs/Programming/Programming/Nuwa/vendor/laravel/framework/src/Illuminate/Foundation/PackageManifest.php(90): Illuminate\\Foundation\\PackageManifest->getManifest()
#3 /home/jibaymcs/Programming/Programming/Nuwa/vendor/laravel/framework/src/Illuminate/Foundation/PackageManifest.php(79): Illuminate\\Foundation\\PackageManifest->config()
#4 /home/jibaymcs/Programming/Programming/Nuwa/vendor/laravel/framework/src/Illuminate/Foundation/Bootstrap/RegisterFacades.php(26): Illuminate\\Foundation\\PackageManifest->aliases()
#5 /home/jibaymcs/Programming/Programming/Nuwa/vendor/laravel/framework/src/Illuminate/Foundation/Application.php(342): Illuminate\\Foundation\\Bootstrap\\RegisterFacades->bootstrap()
#6 /home/jibaymcs/Programming/Programming/Nuwa/vendor/laravel/framework/src/Illuminate/Foundation/Console/Kernel.php(494): Illuminate\\Foundation\\Application->bootstrapWith()
#7 /home/jibaymcs/Programming/Programming/Nuwa/vendor/laravel/framework/src/Illuminate/Foundation/Console/Kernel.php(196): Illuminate\\Foundation\\Console\\Kernel->bootstrap()
#8 /home/jibaymcs/Programming/Programming/Nuwa/vendor/laravel/framework/src/Illuminate/Foundation/Application.php(1235): Illuminate\\Foundation\\Console\\Kernel->handle()
#9 /home/jibaymcs/Programming/Programming/Nuwa/artisan(13): Illuminate\\Foundation\\Application->handleCommand()
#10 {main}
"} 
[2026-04-10 21:40:49] production.ERROR: The /home/jibaymcs/Programming/Programming/Nuwa/bootstrap/cache directory must be present and writable. {"exception":"[object] (Exception(code: 0): The /home/jibaymcs/Programming/Programming/Nuwa/bootstrap/cache directory must be present and writable. at /home/jibaymcs/Programming/Programming/Nuwa/vendor/laravel/framework/src/Illuminate/Foundation/PackageManifest.php:179)
[stacktrace]
#0 /home/jibaymcs/Programming/Programming/Nuwa/vendor/laravel/framework/src/Illuminate/Foundation/PackageManifest.php(132): Illuminate\\Foundation\\PackageManifest->write()
#1 /home/jibaymcs/Programming/Programming/Nuwa/vendor/laravel/framework/src/Illuminate/Foundation/PackageManifest.php(108): Illuminate\\Foundation\\PackageManifest->build()
#2 /home/jibaymcs/Programming/Programming/Nuwa/vendor/laravel/framework/src/Illuminate/Foundation/PackageManifest.php(90): Illuminate\\Foundation\\PackageManifest->getManifest()
#3 /home/jibaymcs/Programming/Programming/Nuwa/vendor/laravel/framework/src/Illuminate/Foundation/PackageManifest.php(79): Illuminate\\Foundation\\PackageManifest->config()
#4 /home/jibaymcs/Programming/Programming/Nuwa/vendor/laravel/framework/src/Illuminate/Foundation/Bootstrap/RegisterFacades.php(26): Illuminate\\Foundation\\PackageManifest->aliases()
#5 /home/jibaymcs/Programming/Programming/Nuwa/vendor/laravel/framework/src/Illuminate/Foundation/Application.php(342): Illuminate\\Foundation\\Bootstrap\\RegisterFacades->bootstrap()
#6 /home/jibaymcs/Programming/Programming/Nuwa/vendor/laravel/framework/src/Illuminate/Foundation/Console/Kernel.php(494): Illuminate\\Foundation\\Application->bootstrapWith()
#7 /home/jibaymcs/Programming/Programming/Nuwa/vendor/laravel/framework/src/Illuminate/Foundation/Console/Kernel.php(196): Illuminate\\Foundation\\Console\\Kernel->bootstrap()
#8 /home/jibaymcs/Programming/Programming/Nuwa/vendor/laravel/framework/src/Illuminate/Foundation/Application.php(1235): Illuminate\\Foundation\\Console\\Kernel->handle()
#9 /home/jibaymcs/Programming/Programming/Nuwa/artisan(13): Illuminate\\Foundation\\Application->handleCommand()
#10 {main}
"} 
